// Jest Snapshot v1, https://goo.gl/fbAQLP

exports[`gux-toast #render should render action toast 1`] = `"<gux-toast toast-type=\\"action\\" class=\\"gux-toast-action\\" hydrated=\\"\\"> <gux-icon slot=\\"icon\\" icon-name=\\"fa/diamond-regular\\" decorative=\\"\\" hydrated=\\"\\"></gux-icon> <div slot=\\"title\\">2 Actions</div> <div slot=\\"message\\">This is an example message</div> <button slot=\\"action-1\\" type=\\"button\\" onclick=\\"notify(event)\\"> Action 1 </button> <button slot=\\"action-2\\" type=\\"button\\" onclick=\\"notify(event)\\"> Action 2 </button> </gux-toast>"`;

exports[`gux-toast #render should render error toast 1`] = `"<gux-toast toast-type=\\"error\\" class=\\"gux-toast-error\\" hydrated=\\"\\"> <div slot=\\"title\\">Error Example with Link</div> <div slot=\\"message\\">This is an example message</div> <a slot=\\"link\\" href=\\"#\\">Link</a> </gux-toast>"`;

exports[`gux-toast #render should render info toast 1`] = `"<gux-toast toast-type=\\"info\\" class=\\"gux-toast-info\\" hydrated=\\"\\"> <div slot=\\"title\\">Info Example with Link</div> <div slot=\\"message\\">This is an example message</div> <a slot=\\"link\\" href=\\"#\\">Link</a> </gux-toast>"`;

exports[`gux-toast #render should render success toast 1`] = `"<gux-toast toast-type=\\"success\\" class=\\"gux-toast-success\\" hydrated=\\"\\"> <div slot=\\"title\\">Success Example with Link</div> <div slot=\\"message\\">This is an example message</div> <a slot=\\"link\\" href=\\"#\\">Link</a> </gux-toast>"`;

exports[`gux-toast #render should render warning toast 1`] = `"<gux-toast toast-type=\\"warning\\" class=\\"gux-toast-warning\\" hydrated=\\"\\"> <div slot=\\"title\\">Warning Example with Link</div> <div slot=\\"message\\">This is an example message</div> <a slot=\\"link\\" href=\\"#\\">Link</a> </gux-toast>"`;
