// Jest Snapshot v1, https://goo.gl/fbAQLP

exports[`gux-action-button renders 1`] = `
<gux-action-button accent="primary" lang="en" text="Primary">
  <mock:shadow-root>
    <div class="gux-action-button-container">
      <gux-popup-beta exceedtargetwidth="">
        <div class="gux-action-button-container" slot="target">
          <gux-button-slot-beta accent="primary" class="gux-action-button">
            <button type="button">
              Primary
            </button>
          </gux-button-slot-beta>
          <gux-button-slot-beta accent="primary" class="gux-dropdown-button">
            <button aria-expanded="false" aria-haspopup="true" aria-label="Dropdown for Primary" type="button">
              <gux-icon decorative="" icon-name="chevron-small-down"></gux-icon>
            </button>
          </gux-button-slot-beta>
        </div>
        <div class="gux-list-container" slot="popup">
          <gux-list role="list">
            <mock:shadow-root>
              <span tabindex="-1"></span>
              <slot></slot>
            </mock:shadow-root>
            <slot></slot>
          </gux-list>
        </div>
      </gux-popup-beta>
    </div>
  </mock:shadow-root>
  <gux-list-item onclick="notify(event)" role="listitem">
    <mock:shadow-root>
      <button tabindex="-1" type="button">
        <slot></slot>
      </button>
    </mock:shadow-root>
    Test 1
  </gux-list-item>
  <gux-list-item onclick="notify(event)" role="listitem">
    <mock:shadow-root>
      <button tabindex="-1" type="button">
        <slot></slot>
      </button>
    </mock:shadow-root>
    Test 2
  </gux-list-item>
  <gux-list-item onclick="notify(event)" role="listitem">
    <mock:shadow-root>
      <button tabindex="-1" type="button">
        <slot></slot>
      </button>
    </mock:shadow-root>
    Test 3
  </gux-list-item>
  <gux-list-divider role="presentation">
    <mock:shadow-root></mock:shadow-root>
  </gux-list-divider>
  <gux-list-item onclick="notify(event)" role="listitem">
    <mock:shadow-root>
      <button tabindex="-1" type="button">
        <slot></slot>
      </button>
    </mock:shadow-root>
    Test 4
  </gux-list-item>
</gux-action-button>
`;
