// Jest Snapshot v1, https://goo.gl/fbAQLP

exports[`gux-notification-toast #render should render alert notification toast 1`] = `"<gux-notification-toast lang=\\"en\\" accent=\\"alert\\" hydrated=\\"\\"> <gux-icon slot=\\"icon\\" icon-name=\\"user-add\\" decorative=\\"\\" hydrated=\\"\\"></gux-icon> <div slot=\\"title\\">Title</div> <div slot=\\"message\\">This is the message</div> </gux-notification-toast>"`;

exports[`gux-notification-toast #render should render neutral notification toast 1`] = `"<gux-notification-toast lang=\\"en\\" accent=\\"neutral\\" hydrated=\\"\\"> <gux-icon slot=\\"icon\\" icon-name=\\"user-add\\" decorative=\\"\\" hydrated=\\"\\"></gux-icon> <div slot=\\"title\\">Title</div> <div slot=\\"message\\">This is the message</div> </gux-notification-toast>"`;

exports[`gux-notification-toast #render should render positive notification toast 1`] = `"<gux-notification-toast lang=\\"en\\" accent=\\"positive\\" hydrated=\\"\\"> <gux-icon slot=\\"icon\\" icon-name=\\"user-add\\" decorative=\\"\\" hydrated=\\"\\"></gux-icon> <div slot=\\"title\\">Title</div> <div slot=\\"message\\">This is the message</div> </gux-notification-toast>"`;

exports[`gux-notification-toast #render should render warning notification toast 1`] = `"<gux-notification-toast lang=\\"en\\" accent=\\"warning\\" hydrated=\\"\\"> <gux-icon slot=\\"icon\\" icon-name=\\"user-add\\" decorative=\\"\\" hydrated=\\"\\"></gux-icon> <div slot=\\"title\\">Title</div> <div slot=\\"message\\">This is the message</div> </gux-notification-toast>"`;
