// Jest Snapshot v1, https://goo.gl/fbAQLP

exports[`gux-dismiss-button #render should render component as expected (1) 1`] = `
<gux-dismiss-button>
  <mock:shadow-root>
    <gux-button-slot-beta accent="ghost">
      <button title="Dismiss" type="button">
        <div class="gux-icon-container">
          <gux-icon decorative="" icon-name="close"></gux-icon>
        </div>
      </button>
    </gux-button-slot-beta>
  </mock:shadow-root>
</gux-dismiss-button>
`;
