// Jest Snapshot v1, https://goo.gl/fbAQLP

exports[`gux-breadcrumbs should display component as expected (1) 1`] = `"<gux-breadcrumbs lang=\\"en\\" hydrated=\\"\\"></gux-breadcrumbs>"`;

exports[`gux-breadcrumbs should display component as expected (2) 1`] = `"<gux-breadcrumbs lang=\\"en\\" hydrated=\\"\\"> <gux-breadcrumb-item role=\\"listitem\\" hydrated=\\"\\">Category</gux-breadcrumb-item> <gux-breadcrumb-item href=\\"#\\" role=\\"listitem\\" hydrated=\\"\\">Parent</gux-breadcrumb-item> <gux-breadcrumb-item role=\\"listitem\\" hydrated=\\"\\">Current</gux-breadcrumb-item> </gux-breadcrumbs>"`;

exports[`gux-breadcrumbs should display component as expected (3) 1`] = `"<gux-breadcrumbs lang=\\"en\\" hydrated=\\"\\"> <gux-breadcrumb-item role=\\"listitem\\" hydrated=\\"\\">Category</gux-breadcrumb-item> <gux-breadcrumb-item href=\\"#\\" role=\\"listitem\\" hydrated=\\"\\">Parent</gux-breadcrumb-item> <gux-breadcrumb-item href=\\"#\\" role=\\"listitem\\" hydrated=\\"\\">Current</gux-breadcrumb-item> </gux-breadcrumbs>"`;

exports[`gux-breadcrumbs should display component as expected (4) 1`] = `"<gux-breadcrumbs lang=\\"en\\" accent=\\"primary\\" hydrated=\\"\\"> <gux-breadcrumb-item role=\\"listitem\\" hydrated=\\"\\">Category</gux-breadcrumb-item> <gux-breadcrumb-item href=\\"#\\" role=\\"listitem\\" hydrated=\\"\\">Parent</gux-breadcrumb-item> <gux-breadcrumb-item role=\\"listitem\\" hydrated=\\"\\">Current</gux-breadcrumb-item> </gux-breadcrumbs>"`;

exports[`gux-breadcrumbs should display component as expected (5) 1`] = `"<gux-breadcrumbs lang=\\"en\\" accent=\\"secondary\\" hydrated=\\"\\"> <gux-breadcrumb-item role=\\"listitem\\" hydrated=\\"\\">Category</gux-breadcrumb-item> <gux-breadcrumb-item href=\\"#\\" role=\\"listitem\\" hydrated=\\"\\">Parent</gux-breadcrumb-item> <gux-breadcrumb-item role=\\"listitem\\" hydrated=\\"\\">Current</gux-breadcrumb-item> </gux-breadcrumbs>"`;

exports[`gux-breadcrumbs should display component as expected (6) 1`] = `"<gux-breadcrumbs lang=\\"en\\" accent=\\"invalid\\" hydrated=\\"\\"> <gux-breadcrumb-item role=\\"listitem\\" hydrated=\\"\\">Category</gux-breadcrumb-item> <gux-breadcrumb-item href=\\"#\\" role=\\"listitem\\" hydrated=\\"\\">Parent</gux-breadcrumb-item> <gux-breadcrumb-item role=\\"listitem\\" hydrated=\\"\\">Current</gux-breadcrumb-item> </gux-breadcrumbs>"`;
