// Jest Snapshot v1, https://goo.gl/fbAQLP

exports[`gux-blank-state-beta #render should render the component as expected 1`] = `
<gux-blank-state-beta>
  <mock:shadow-root>
    <div class="gux-container gux-large">
      <slot name="image"></slot>
      <div class="gux-message-container">
        <slot name="primary-message"></slot>
      </div>
      <div class="gux-guidance-container">
        <slot name="additional-guidance"></slot>
      </div>
      <gux-button-slot-beta accent="primary">
        <slot name="call-to-action"></slot>
      </gux-button-slot-beta>
    </div>
  </mock:shadow-root>
  <gux-icon decorative="true" icon-name="bot" slot="image"></gux-icon>
  <div slot="primary-message">
    Sorry, something went wrong.
  </div>
  <div slot="additional-guidance">
    Please refresh this page to try again.
  </div>
  <button onclick="notify(event)" slot="call-to-action" type="button">
    Call to action
  </button>
</gux-blank-state-beta>
`;
