// Jest Snapshot v1, https://goo.gl/fbAQLP

exports[`gux-form-field-dropdown #render help should render component as expected 1`] = `"<gux-form-field-dropdown hydrated=\\"\\"> <gux-dropdown hydrated=\\"\\"> <gux-listbox aria-labelledby=\\"gux-label-i\\" aria-describedby=\\"gux-help-i\\" role=\\"listbox\\" tabindex=\\"0\\" hydrated=\\"\\"> <gux-option value=\\"a\\" disabled=\\"\\" id=\\"gux-option-i\\" role=\\"option\\" class=\\"gux-disabled\\" aria-disabled=\\"true\\" hydrated=\\"\\"><!----><gux-truncate hydrated=\\"\\">Ant</gux-truncate></gux-option> <gux-option value=\\"b\\" id=\\"gux-option-i\\" role=\\"option\\" aria-selected=\\"false\\" aria-disabled=\\"false\\" hydrated=\\"\\"><!----><gux-truncate hydrated=\\"\\">Bat</gux-truncate></gux-option> <gux-option value=\\"c\\" id=\\"gux-option-i\\" role=\\"option\\" aria-selected=\\"false\\" aria-disabled=\\"false\\" hydrated=\\"\\"><!----><gux-truncate hydrated=\\"\\">Cat</gux-truncate></gux-option> </gux-listbox> </gux-dropdown> <label slot=\\"label\\" id=\\"gux-label-i\\">Default</label> <span slot=\\"help\\" id=\\"gux-help-i\\">This is a help message</span> </gux-form-field-dropdown>"`;

exports[`gux-form-field-dropdown #render help should render component as expected 2`] = `
<fieldset class="gux-above gux-form-field-fieldset-container">
  <legend class="gux-above gux-form-field-legend-label">
    <slot name="label"></slot>
    <gux-screen-reader-beta hydrated="">
      This is a help message
    </gux-screen-reader-beta>
  </legend>
  <div class="gux-input-and-error-container">
    <div class="gux-input">
      <slot></slot>
    </div>
    <div class="gux-form-field-error">
      <gux-icon hydrated="" icon-name="alert-warning-octogon"></gux-icon>
      <div class="gux-message">
        <slot name="error"></slot>
      </div>
    </div>
    <div class="gux-form-field-help gux-show">
      <div class="gux-message">
        <slot name="help"></slot>
      </div>
    </div>
  </div>
</fieldset>
`;

exports[`gux-form-field-dropdown #render multi select dropdown label-position should render component as expected (1) 1`] = `"<gux-form-field-dropdown hydrated=\\"\\"> <gux-dropdown-multi-beta hydrated=\\"\\"> <gux-listbox-multi aria-labelledby=\\"gux-label-i\\" aria-describedby=\\"gux-error-i\\" role=\\"listbox\\" aria-multiselectable=\\"true\\" tabindex=\\"0\\" aria-activedescendant=\\"\\" hydrated=\\"\\"> <gux-option-multi value=\\"a\\" disabled=\\"\\" id=\\"gux-option-multi-i\\" role=\\"option\\" class=\\"gux-disabled\\" aria-selected=\\"false\\" aria-disabled=\\"true\\" hydrated=\\"\\"><!----><span class=\\"gux-checkbox-container\\"></span><gux-truncate gux-slot-container=\\"\\" hydrated=\\"\\">Ant</gux-truncate></gux-option-multi> <gux-option-multi value=\\"b\\" id=\\"gux-option-multi-i\\" role=\\"option\\" class=\\"gux-active\\" aria-selected=\\"false\\" aria-disabled=\\"false\\" hydrated=\\"\\"><!----><span class=\\"gux-checkbox-container\\"></span><gux-truncate gux-slot-container=\\"\\" hydrated=\\"\\">Bat</gux-truncate></gux-option-multi> <gux-option-multi value=\\"c\\" id=\\"gux-option-multi-i\\" role=\\"option\\" aria-selected=\\"false\\" aria-disabled=\\"false\\" hydrated=\\"\\"><!----><span class=\\"gux-checkbox-container\\"></span><gux-truncate gux-slot-container=\\"\\" hydrated=\\"\\">Cat</gux-truncate></gux-option-multi> </gux-listbox-multi> </gux-dropdown-multi-beta> <label slot=\\"label\\" id=\\"gux-label-i\\">Default</label> <span slot=\\"error\\" id=\\"gux-error-i\\">This is an error message</span> </gux-form-field-dropdown>"`;

exports[`gux-form-field-dropdown #render multi select dropdown label-position should render component as expected (1) 2`] = `
<fieldset class="gux-above gux-form-field-fieldset-container">
  <legend class="gux-above gux-form-field-legend-label">
    <slot name="label"></slot>
    <gux-screen-reader-beta hydrated="">
      This is an error message
    </gux-screen-reader-beta>
  </legend>
  <div class="gux-input-and-error-container">
    <div class="gux-input gux-input-error">
      <slot></slot>
    </div>
    <div class="gux-form-field-error gux-show">
      <gux-icon hydrated="" icon-name="alert-warning-octogon"></gux-icon>
      <div class="gux-message">
        <slot name="error"></slot>
      </div>
    </div>
    <div class="gux-form-field-help">
      <div class="gux-message">
        <slot name="help"></slot>
      </div>
    </div>
  </div>
</fieldset>
`;

exports[`gux-form-field-dropdown #render multi select dropdown label-position should render component as expected (2) 1`] = `"<gux-form-field-dropdown label-position=\\"above\\" hydrated=\\"\\"> <gux-dropdown-multi-beta hydrated=\\"\\"> <gux-listbox-multi aria-labelledby=\\"gux-label-i\\" aria-describedby=\\"gux-error-i\\" role=\\"listbox\\" aria-multiselectable=\\"true\\" tabindex=\\"0\\" aria-activedescendant=\\"\\" hydrated=\\"\\"> <gux-option-multi value=\\"a\\" disabled=\\"\\" id=\\"gux-option-multi-i\\" role=\\"option\\" class=\\"gux-disabled\\" aria-selected=\\"false\\" aria-disabled=\\"true\\" hydrated=\\"\\"><!----><span class=\\"gux-checkbox-container\\"></span><gux-truncate gux-slot-container=\\"\\" hydrated=\\"\\">Ant</gux-truncate></gux-option-multi> <gux-option-multi value=\\"b\\" id=\\"gux-option-multi-i\\" role=\\"option\\" class=\\"gux-active\\" aria-selected=\\"false\\" aria-disabled=\\"false\\" hydrated=\\"\\"><!----><span class=\\"gux-checkbox-container\\"></span><gux-truncate gux-slot-container=\\"\\" hydrated=\\"\\">Bat</gux-truncate></gux-option-multi> <gux-option-multi value=\\"c\\" id=\\"gux-option-multi-i\\" role=\\"option\\" aria-selected=\\"false\\" aria-disabled=\\"false\\" hydrated=\\"\\"><!----><span class=\\"gux-checkbox-container\\"></span><gux-truncate gux-slot-container=\\"\\" hydrated=\\"\\">Cat</gux-truncate></gux-option-multi> </gux-listbox-multi> </gux-dropdown-multi-beta> <label slot=\\"label\\" id=\\"gux-label-i\\">Default</label> <span slot=\\"error\\" id=\\"gux-error-i\\">This is an error message</span> </gux-form-field-dropdown>"`;

exports[`gux-form-field-dropdown #render multi select dropdown label-position should render component as expected (2) 2`] = `
<fieldset class="gux-above gux-form-field-fieldset-container">
  <legend class="gux-above gux-form-field-legend-label">
    <slot name="label"></slot>
    <gux-screen-reader-beta hydrated="">
      This is an error message
    </gux-screen-reader-beta>
  </legend>
  <div class="gux-input-and-error-container">
    <div class="gux-input gux-input-error">
      <slot></slot>
    </div>
    <div class="gux-form-field-error gux-show">
      <gux-icon hydrated="" icon-name="alert-warning-octogon"></gux-icon>
      <div class="gux-message">
        <slot name="error"></slot>
      </div>
    </div>
    <div class="gux-form-field-help">
      <div class="gux-message">
        <slot name="help"></slot>
      </div>
    </div>
  </div>
</fieldset>
`;

exports[`gux-form-field-dropdown #render multi select dropdown label-position should render component as expected (3) 1`] = `"<gux-form-field-dropdown label-position=\\"beside\\" hydrated=\\"\\"> <gux-dropdown-multi-beta hydrated=\\"\\"> <gux-listbox-multi aria-labelledby=\\"gux-label-i\\" aria-describedby=\\"gux-error-i\\" role=\\"listbox\\" aria-multiselectable=\\"true\\" tabindex=\\"0\\" aria-activedescendant=\\"\\" hydrated=\\"\\"> <gux-option-multi value=\\"a\\" disabled=\\"\\" id=\\"gux-option-multi-i\\" role=\\"option\\" class=\\"gux-disabled\\" aria-selected=\\"false\\" aria-disabled=\\"true\\" hydrated=\\"\\"><!----><span class=\\"gux-checkbox-container\\"></span><gux-truncate gux-slot-container=\\"\\" hydrated=\\"\\">Ant</gux-truncate></gux-option-multi> <gux-option-multi value=\\"b\\" id=\\"gux-option-multi-i\\" role=\\"option\\" class=\\"gux-active\\" aria-selected=\\"false\\" aria-disabled=\\"false\\" hydrated=\\"\\"><!----><span class=\\"gux-checkbox-container\\"></span><gux-truncate gux-slot-container=\\"\\" hydrated=\\"\\">Bat</gux-truncate></gux-option-multi> <gux-option-multi value=\\"c\\" id=\\"gux-option-multi-i\\" role=\\"option\\" aria-selected=\\"false\\" aria-disabled=\\"false\\" hydrated=\\"\\"><!----><span class=\\"gux-checkbox-container\\"></span><gux-truncate gux-slot-container=\\"\\" hydrated=\\"\\">Cat</gux-truncate></gux-option-multi> </gux-listbox-multi> </gux-dropdown-multi-beta> <label slot=\\"label\\" id=\\"gux-label-i\\">Default</label> <span slot=\\"error\\" id=\\"gux-error-i\\">This is an error message</span> </gux-form-field-dropdown>"`;

exports[`gux-form-field-dropdown #render multi select dropdown label-position should render component as expected (3) 2`] = `
<fieldset class="gux-beside gux-form-field-fieldset-container">
  <legend class="gux-beside gux-form-field-legend-label">
    <slot name="label"></slot>
    <gux-screen-reader-beta hydrated="">
      This is an error message
    </gux-screen-reader-beta>
  </legend>
  <div class="gux-input-and-error-container">
    <div class="gux-input gux-input-error">
      <slot></slot>
    </div>
    <div class="gux-form-field-error gux-show">
      <gux-icon hydrated="" icon-name="alert-warning-octogon"></gux-icon>
      <div class="gux-message">
        <slot name="error"></slot>
      </div>
    </div>
    <div class="gux-form-field-help">
      <div class="gux-message">
        <slot name="help"></slot>
      </div>
    </div>
  </div>
</fieldset>
`;

exports[`gux-form-field-dropdown #render multi select dropdown label-position should render component as expected (4) 1`] = `"<gux-form-field-dropdown label-position=\\"screenreader\\" hydrated=\\"\\"> <gux-dropdown-multi-beta hydrated=\\"\\"> <gux-listbox-multi aria-labelledby=\\"gux-label-i\\" aria-describedby=\\"gux-error-i\\" role=\\"listbox\\" aria-multiselectable=\\"true\\" tabindex=\\"0\\" aria-activedescendant=\\"\\" hydrated=\\"\\"> <gux-option-multi value=\\"a\\" disabled=\\"\\" id=\\"gux-option-multi-i\\" role=\\"option\\" class=\\"gux-disabled\\" aria-selected=\\"false\\" aria-disabled=\\"true\\" hydrated=\\"\\"><!----><span class=\\"gux-checkbox-container\\"></span><gux-truncate gux-slot-container=\\"\\" hydrated=\\"\\">Ant</gux-truncate></gux-option-multi> <gux-option-multi value=\\"b\\" id=\\"gux-option-multi-i\\" role=\\"option\\" class=\\"gux-active\\" aria-selected=\\"false\\" aria-disabled=\\"false\\" hydrated=\\"\\"><!----><span class=\\"gux-checkbox-container\\"></span><gux-truncate gux-slot-container=\\"\\" hydrated=\\"\\">Bat</gux-truncate></gux-option-multi> <gux-option-multi value=\\"c\\" id=\\"gux-option-multi-i\\" role=\\"option\\" aria-selected=\\"false\\" aria-disabled=\\"false\\" hydrated=\\"\\"><!----><span class=\\"gux-checkbox-container\\"></span><gux-truncate gux-slot-container=\\"\\" hydrated=\\"\\">Cat</gux-truncate></gux-option-multi> </gux-listbox-multi> </gux-dropdown-multi-beta> <label slot=\\"label\\" id=\\"gux-label-i\\">Default</label> <span slot=\\"error\\" id=\\"gux-error-i\\">This is an error message</span> </gux-form-field-dropdown>"`;

exports[`gux-form-field-dropdown #render multi select dropdown label-position should render component as expected (4) 2`] = `
<fieldset class="gux-form-field-fieldset-container gux-screenreader">
  <legend class="gux-form-field-legend-label gux-screenreader">
    <slot name="label"></slot>
    <gux-screen-reader-beta hydrated="">
      This is an error message
    </gux-screen-reader-beta>
  </legend>
  <div class="gux-input-and-error-container">
    <div class="gux-input gux-input-error">
      <slot></slot>
    </div>
    <div class="gux-form-field-error gux-show">
      <gux-icon hydrated="" icon-name="alert-warning-octogon"></gux-icon>
      <div class="gux-message">
        <slot name="error"></slot>
      </div>
    </div>
    <div class="gux-form-field-help">
      <div class="gux-message">
        <slot name="help"></slot>
      </div>
    </div>
  </div>
</fieldset>
`;

exports[`gux-form-field-dropdown #render multi select dropdown should render component as expected (1) 1`] = `"<gux-form-field-dropdown hydrated=\\"\\"> <gux-dropdown-multi-beta hydrated=\\"\\"> <gux-listbox-multi aria-labelledby=\\"gux-label-i\\" role=\\"listbox\\" aria-multiselectable=\\"true\\" tabindex=\\"0\\" aria-activedescendant=\\"\\" hydrated=\\"\\"> <gux-option-multi value=\\"a\\" disabled=\\"\\" id=\\"gux-option-multi-i\\" role=\\"option\\" class=\\"gux-disabled\\" aria-selected=\\"false\\" aria-disabled=\\"true\\" hydrated=\\"\\"><!----><span class=\\"gux-checkbox-container\\"></span><gux-truncate gux-slot-container=\\"\\" hydrated=\\"\\">Ant</gux-truncate></gux-option-multi> <gux-option-multi value=\\"b\\" id=\\"gux-option-multi-i\\" role=\\"option\\" class=\\"gux-active\\" aria-selected=\\"false\\" aria-disabled=\\"false\\" hydrated=\\"\\"><!----><span class=\\"gux-checkbox-container\\"></span><gux-truncate gux-slot-container=\\"\\" hydrated=\\"\\">Bat</gux-truncate></gux-option-multi> <gux-option-multi value=\\"c\\" id=\\"gux-option-multi-i\\" role=\\"option\\" aria-selected=\\"false\\" aria-disabled=\\"false\\" hydrated=\\"\\"><!----><span class=\\"gux-checkbox-container\\"></span><gux-truncate gux-slot-container=\\"\\" hydrated=\\"\\">Cat</gux-truncate></gux-option-multi> </gux-listbox-multi> </gux-dropdown-multi-beta> <label slot=\\"label\\" id=\\"gux-label-i\\">Default</label> </gux-form-field-dropdown>"`;

exports[`gux-form-field-dropdown #render multi select dropdown should render component as expected (1) 2`] = `
<fieldset class="gux-above gux-form-field-fieldset-container">
  <legend class="gux-above gux-form-field-legend-label">
    <slot name="label"></slot>
  </legend>
  <div class="gux-input-and-error-container">
    <div class="gux-input">
      <slot></slot>
    </div>
    <div class="gux-form-field-error">
      <gux-icon hydrated="" icon-name="alert-warning-octogon"></gux-icon>
      <div class="gux-message">
        <slot name="error"></slot>
      </div>
    </div>
    <div class="gux-form-field-help">
      <div class="gux-message">
        <slot name="help"></slot>
      </div>
    </div>
  </div>
</fieldset>
`;

exports[`gux-form-field-dropdown #render multi select dropdown should render component as expected (2) 1`] = `"<gux-form-field-dropdown hydrated=\\"\\"> <gux-dropdown-multi-beta disabled=\\"\\" hydrated=\\"\\"> <gux-listbox-multi aria-labelledby=\\"gux-label-i\\" role=\\"listbox\\" aria-multiselectable=\\"true\\" tabindex=\\"0\\" aria-activedescendant=\\"\\" hydrated=\\"\\"> <gux-option-multi value=\\"a\\" disabled=\\"\\" id=\\"gux-option-multi-i\\" role=\\"option\\" class=\\"gux-disabled\\" aria-selected=\\"false\\" aria-disabled=\\"true\\" hydrated=\\"\\"><!----><span class=\\"gux-checkbox-container\\"></span><gux-truncate gux-slot-container=\\"\\" hydrated=\\"\\">Ant</gux-truncate></gux-option-multi> <gux-option-multi value=\\"b\\" id=\\"gux-option-multi-i\\" role=\\"option\\" class=\\"gux-active\\" aria-selected=\\"false\\" aria-disabled=\\"false\\" hydrated=\\"\\"><!----><span class=\\"gux-checkbox-container\\"></span><gux-truncate gux-slot-container=\\"\\" hydrated=\\"\\">Bat</gux-truncate></gux-option-multi> <gux-option-multi value=\\"c\\" id=\\"gux-option-multi-i\\" role=\\"option\\" aria-selected=\\"false\\" aria-disabled=\\"false\\" hydrated=\\"\\"><!----><span class=\\"gux-checkbox-container\\"></span><gux-truncate gux-slot-container=\\"\\" hydrated=\\"\\">Cat</gux-truncate></gux-option-multi> </gux-listbox-multi> </gux-dropdown-multi-beta> <label slot=\\"label\\" id=\\"gux-label-i\\">Default</label> </gux-form-field-dropdown>"`;

exports[`gux-form-field-dropdown #render multi select dropdown should render component as expected (2) 2`] = `
<fieldset class="gux-above gux-form-field-fieldset-container">
  <legend class="gux-above gux-form-field-legend-label">
    <slot name="label"></slot>
  </legend>
  <div class="gux-input-and-error-container">
    <div class="gux-disabled gux-input">
      <slot></slot>
    </div>
    <div class="gux-form-field-error">
      <gux-icon hydrated="" icon-name="alert-warning-octogon"></gux-icon>
      <div class="gux-message">
        <slot name="error"></slot>
      </div>
    </div>
    <div class="gux-form-field-help">
      <div class="gux-message">
        <slot name="help"></slot>
      </div>
    </div>
  </div>
</fieldset>
`;

exports[`gux-form-field-dropdown #render multi select dropdown should render component as expected (3) 1`] = `"<gux-form-field-dropdown hydrated=\\"\\"> <gux-dropdown-multi-beta required=\\"\\" hydrated=\\"\\"> <gux-listbox-multi aria-labelledby=\\"gux-label-i\\" role=\\"listbox\\" aria-multiselectable=\\"true\\" tabindex=\\"0\\" aria-activedescendant=\\"\\" hydrated=\\"\\"> <gux-option-multi value=\\"a\\" disabled=\\"\\" id=\\"gux-option-multi-i\\" role=\\"option\\" class=\\"gux-disabled\\" aria-selected=\\"false\\" aria-disabled=\\"true\\" hydrated=\\"\\"><!----><span class=\\"gux-checkbox-container\\"></span><gux-truncate gux-slot-container=\\"\\" hydrated=\\"\\">Ant</gux-truncate></gux-option-multi> <gux-option-multi value=\\"b\\" id=\\"gux-option-multi-i\\" role=\\"option\\" class=\\"gux-active\\" aria-selected=\\"false\\" aria-disabled=\\"false\\" hydrated=\\"\\"><!----><span class=\\"gux-checkbox-container\\"></span><gux-truncate gux-slot-container=\\"\\" hydrated=\\"\\">Bat</gux-truncate></gux-option-multi> <gux-option-multi value=\\"c\\" id=\\"gux-option-multi-i\\" role=\\"option\\" aria-selected=\\"false\\" aria-disabled=\\"false\\" hydrated=\\"\\"><!----><span class=\\"gux-checkbox-container\\"></span><gux-truncate gux-slot-container=\\"\\" hydrated=\\"\\">Cat</gux-truncate></gux-option-multi> </gux-listbox-multi> </gux-dropdown-multi-beta> <label slot=\\"label\\" id=\\"gux-label-i\\">Default</label> </gux-form-field-dropdown>"`;

exports[`gux-form-field-dropdown #render multi select dropdown should render component as expected (3) 2`] = `
<fieldset class="gux-above gux-form-field-fieldset-container">
  <legend class="gux-above gux-form-field-legend-label gux-required">
    <slot name="label"></slot>
    <gux-screen-reader-beta hydrated="">
      Required
    </gux-screen-reader-beta>
  </legend>
  <div class="gux-input-and-error-container">
    <div class="gux-input">
      <slot></slot>
    </div>
    <div class="gux-form-field-error">
      <gux-icon hydrated="" icon-name="alert-warning-octogon"></gux-icon>
      <div class="gux-message">
        <slot name="error"></slot>
      </div>
    </div>
    <div class="gux-form-field-help">
      <div class="gux-message">
        <slot name="help"></slot>
      </div>
    </div>
  </div>
</fieldset>
`;

exports[`gux-form-field-dropdown #render single select dropdown input attributes should render component as expected (1) 1`] = `"<gux-form-field-dropdown hydrated=\\"\\"> <gux-dropdown hydrated=\\"\\"> <gux-listbox aria-labelledby=\\"gux-label-i\\" role=\\"listbox\\" tabindex=\\"0\\" hydrated=\\"\\"> <gux-option value=\\"a\\" disabled=\\"\\" id=\\"gux-option-i\\" role=\\"option\\" class=\\"gux-disabled\\" aria-disabled=\\"true\\" hydrated=\\"\\"><!----><gux-truncate hydrated=\\"\\">Ant</gux-truncate></gux-option> <gux-option value=\\"b\\" id=\\"gux-option-i\\" role=\\"option\\" aria-selected=\\"false\\" aria-disabled=\\"false\\" hydrated=\\"\\"><!----><gux-truncate hydrated=\\"\\">Bat</gux-truncate></gux-option> <gux-option value=\\"c\\" id=\\"gux-option-i\\" role=\\"option\\" aria-selected=\\"false\\" aria-disabled=\\"false\\" hydrated=\\"\\"><!----><gux-truncate hydrated=\\"\\">Cat</gux-truncate></gux-option> </gux-listbox> </gux-dropdown> <label slot=\\"label\\" id=\\"gux-label-i\\">This will be read by a screen reader</label> </gux-form-field-dropdown>"`;

exports[`gux-form-field-dropdown #render single select dropdown input attributes should render component as expected (1) 2`] = `
<fieldset class="gux-above gux-form-field-fieldset-container">
  <legend class="gux-above gux-form-field-legend-label">
    <slot name="label"></slot>
  </legend>
  <div class="gux-input-and-error-container">
    <div class="gux-input">
      <slot></slot>
    </div>
    <div class="gux-form-field-error">
      <gux-icon hydrated="" icon-name="alert-warning-octogon"></gux-icon>
      <div class="gux-message">
        <slot name="error"></slot>
      </div>
    </div>
    <div class="gux-form-field-help">
      <div class="gux-message">
        <slot name="help"></slot>
      </div>
    </div>
  </div>
</fieldset>
`;

exports[`gux-form-field-dropdown #render single select dropdown input attributes should render component as expected (2) 1`] = `"<gux-form-field-dropdown hydrated=\\"\\"> <gux-dropdown disabled=\\"\\" hydrated=\\"\\"> <gux-listbox aria-labelledby=\\"gux-label-i\\" role=\\"listbox\\" tabindex=\\"0\\" hydrated=\\"\\"> <gux-option value=\\"a\\" disabled=\\"\\" id=\\"gux-option-i\\" role=\\"option\\" class=\\"gux-disabled\\" aria-disabled=\\"true\\" hydrated=\\"\\"><!----><gux-truncate hydrated=\\"\\">Ant</gux-truncate></gux-option> <gux-option value=\\"b\\" id=\\"gux-option-i\\" role=\\"option\\" aria-selected=\\"false\\" aria-disabled=\\"false\\" hydrated=\\"\\"><!----><gux-truncate hydrated=\\"\\">Bat</gux-truncate></gux-option> <gux-option value=\\"c\\" id=\\"gux-option-i\\" role=\\"option\\" aria-selected=\\"false\\" aria-disabled=\\"false\\" hydrated=\\"\\"><!----><gux-truncate hydrated=\\"\\">Cat</gux-truncate></gux-option> </gux-listbox> </gux-dropdown> <label slot=\\"label\\" id=\\"gux-label-i\\">This will be read by a screen reader</label> </gux-form-field-dropdown>"`;

exports[`gux-form-field-dropdown #render single select dropdown input attributes should render component as expected (2) 2`] = `
<fieldset class="gux-above gux-form-field-fieldset-container">
  <legend class="gux-above gux-form-field-legend-label">
    <slot name="label"></slot>
  </legend>
  <div class="gux-input-and-error-container">
    <div class="gux-disabled gux-input">
      <slot></slot>
    </div>
    <div class="gux-form-field-error">
      <gux-icon hydrated="" icon-name="alert-warning-octogon"></gux-icon>
      <div class="gux-message">
        <slot name="error"></slot>
      </div>
    </div>
    <div class="gux-form-field-help">
      <div class="gux-message">
        <slot name="help"></slot>
      </div>
    </div>
  </div>
</fieldset>
`;

exports[`gux-form-field-dropdown #render single select dropdown input attributes should render component as expected (3) 1`] = `"<gux-form-field-dropdown hydrated=\\"\\"> <gux-dropdown required=\\"\\" hydrated=\\"\\"> <gux-listbox aria-labelledby=\\"gux-label-i\\" role=\\"listbox\\" tabindex=\\"0\\" hydrated=\\"\\"> <gux-option value=\\"a\\" disabled=\\"\\" id=\\"gux-option-i\\" role=\\"option\\" class=\\"gux-disabled\\" aria-disabled=\\"true\\" hydrated=\\"\\"><!----><gux-truncate hydrated=\\"\\">Ant</gux-truncate></gux-option> <gux-option value=\\"b\\" id=\\"gux-option-i\\" role=\\"option\\" aria-selected=\\"false\\" aria-disabled=\\"false\\" hydrated=\\"\\"><!----><gux-truncate hydrated=\\"\\">Bat</gux-truncate></gux-option> <gux-option value=\\"c\\" id=\\"gux-option-i\\" role=\\"option\\" aria-selected=\\"false\\" aria-disabled=\\"false\\" hydrated=\\"\\"><!----><gux-truncate hydrated=\\"\\">Cat</gux-truncate></gux-option> </gux-listbox> </gux-dropdown> <label slot=\\"label\\" id=\\"gux-label-i\\">This will be read by a screen reader</label> </gux-form-field-dropdown>"`;

exports[`gux-form-field-dropdown #render single select dropdown input attributes should render component as expected (3) 2`] = `
<fieldset class="gux-above gux-form-field-fieldset-container">
  <legend class="gux-above gux-form-field-legend-label gux-required">
    <slot name="label"></slot>
    <gux-screen-reader-beta hydrated="">
      Required
    </gux-screen-reader-beta>
  </legend>
  <div class="gux-input-and-error-container">
    <div class="gux-input">
      <slot></slot>
    </div>
    <div class="gux-form-field-error">
      <gux-icon hydrated="" icon-name="alert-warning-octogon"></gux-icon>
      <div class="gux-message">
        <slot name="error"></slot>
      </div>
    </div>
    <div class="gux-form-field-help">
      <div class="gux-message">
        <slot name="help"></slot>
      </div>
    </div>
  </div>
</fieldset>
`;

exports[`gux-form-field-dropdown #render single select dropdown label-position should render component as expected (1) 1`] = `"<gux-form-field-dropdown hydrated=\\"\\"> <gux-dropdown hydrated=\\"\\"> <gux-listbox aria-labelledby=\\"gux-label-i\\" aria-describedby=\\"gux-error-i\\" role=\\"listbox\\" tabindex=\\"0\\" hydrated=\\"\\"> <gux-option value=\\"a\\" disabled=\\"\\" id=\\"gux-option-i\\" role=\\"option\\" class=\\"gux-disabled\\" aria-disabled=\\"true\\" hydrated=\\"\\"><!----><gux-truncate hydrated=\\"\\">Ant</gux-truncate></gux-option> <gux-option value=\\"b\\" id=\\"gux-option-i\\" role=\\"option\\" aria-selected=\\"false\\" aria-disabled=\\"false\\" hydrated=\\"\\"><!----><gux-truncate hydrated=\\"\\">Bat</gux-truncate></gux-option> <gux-option value=\\"c\\" id=\\"gux-option-i\\" role=\\"option\\" aria-selected=\\"false\\" aria-disabled=\\"false\\" hydrated=\\"\\"><!----><gux-truncate hydrated=\\"\\">Cat</gux-truncate></gux-option> </gux-listbox> </gux-dropdown> <label slot=\\"label\\" id=\\"gux-label-i\\">Default</label> <span slot=\\"error\\" id=\\"gux-error-i\\">This is an error message</span> </gux-form-field-dropdown>"`;

exports[`gux-form-field-dropdown #render single select dropdown label-position should render component as expected (1) 2`] = `
<fieldset class="gux-above gux-form-field-fieldset-container">
  <legend class="gux-above gux-form-field-legend-label">
    <slot name="label"></slot>
    <gux-screen-reader-beta hydrated="">
      This is an error message
    </gux-screen-reader-beta>
  </legend>
  <div class="gux-input-and-error-container">
    <div class="gux-input gux-input-error">
      <slot></slot>
    </div>
    <div class="gux-form-field-error gux-show">
      <gux-icon hydrated="" icon-name="alert-warning-octogon"></gux-icon>
      <div class="gux-message">
        <slot name="error"></slot>
      </div>
    </div>
    <div class="gux-form-field-help">
      <div class="gux-message">
        <slot name="help"></slot>
      </div>
    </div>
  </div>
</fieldset>
`;

exports[`gux-form-field-dropdown #render single select dropdown label-position should render component as expected (2) 1`] = `"<gux-form-field-dropdown label-position=\\"above\\" hydrated=\\"\\"> <gux-dropdown hydrated=\\"\\"> <gux-listbox aria-labelledby=\\"gux-label-i\\" aria-describedby=\\"gux-error-i\\" role=\\"listbox\\" tabindex=\\"0\\" hydrated=\\"\\"> <gux-option value=\\"a\\" disabled=\\"\\" id=\\"gux-option-i\\" role=\\"option\\" class=\\"gux-disabled\\" aria-disabled=\\"true\\" hydrated=\\"\\"><!----><gux-truncate hydrated=\\"\\">Ant</gux-truncate></gux-option> <gux-option value=\\"b\\" id=\\"gux-option-i\\" role=\\"option\\" aria-selected=\\"false\\" aria-disabled=\\"false\\" hydrated=\\"\\"><!----><gux-truncate hydrated=\\"\\">Bat</gux-truncate></gux-option> <gux-option value=\\"c\\" id=\\"gux-option-i\\" role=\\"option\\" aria-selected=\\"false\\" aria-disabled=\\"false\\" hydrated=\\"\\"><!----><gux-truncate hydrated=\\"\\">Cat</gux-truncate></gux-option> </gux-listbox> </gux-dropdown> <label slot=\\"label\\" id=\\"gux-label-i\\">Default</label> <span slot=\\"error\\" id=\\"gux-error-i\\">This is an error message</span> </gux-form-field-dropdown>"`;

exports[`gux-form-field-dropdown #render single select dropdown label-position should render component as expected (2) 2`] = `
<fieldset class="gux-above gux-form-field-fieldset-container">
  <legend class="gux-above gux-form-field-legend-label">
    <slot name="label"></slot>
    <gux-screen-reader-beta hydrated="">
      This is an error message
    </gux-screen-reader-beta>
  </legend>
  <div class="gux-input-and-error-container">
    <div class="gux-input gux-input-error">
      <slot></slot>
    </div>
    <div class="gux-form-field-error gux-show">
      <gux-icon hydrated="" icon-name="alert-warning-octogon"></gux-icon>
      <div class="gux-message">
        <slot name="error"></slot>
      </div>
    </div>
    <div class="gux-form-field-help">
      <div class="gux-message">
        <slot name="help"></slot>
      </div>
    </div>
  </div>
</fieldset>
`;

exports[`gux-form-field-dropdown #render single select dropdown label-position should render component as expected (3) 1`] = `"<gux-form-field-dropdown label-position=\\"beside\\" hydrated=\\"\\"> <gux-dropdown hydrated=\\"\\"> <gux-listbox aria-labelledby=\\"gux-label-i\\" aria-describedby=\\"gux-error-i\\" role=\\"listbox\\" tabindex=\\"0\\" hydrated=\\"\\"> <gux-option value=\\"a\\" disabled=\\"\\" id=\\"gux-option-i\\" role=\\"option\\" class=\\"gux-disabled\\" aria-disabled=\\"true\\" hydrated=\\"\\"><!----><gux-truncate hydrated=\\"\\">Ant</gux-truncate></gux-option> <gux-option value=\\"b\\" id=\\"gux-option-i\\" role=\\"option\\" aria-selected=\\"false\\" aria-disabled=\\"false\\" hydrated=\\"\\"><!----><gux-truncate hydrated=\\"\\">Bat</gux-truncate></gux-option> <gux-option value=\\"c\\" id=\\"gux-option-i\\" role=\\"option\\" aria-selected=\\"false\\" aria-disabled=\\"false\\" hydrated=\\"\\"><!----><gux-truncate hydrated=\\"\\">Cat</gux-truncate></gux-option> </gux-listbox> </gux-dropdown> <label slot=\\"label\\" id=\\"gux-label-i\\">Default</label> <span slot=\\"error\\" id=\\"gux-error-i\\">This is an error message</span> </gux-form-field-dropdown>"`;

exports[`gux-form-field-dropdown #render single select dropdown label-position should render component as expected (3) 2`] = `
<fieldset class="gux-beside gux-form-field-fieldset-container">
  <legend class="gux-beside gux-form-field-legend-label">
    <slot name="label"></slot>
    <gux-screen-reader-beta hydrated="">
      This is an error message
    </gux-screen-reader-beta>
  </legend>
  <div class="gux-input-and-error-container">
    <div class="gux-input gux-input-error">
      <slot></slot>
    </div>
    <div class="gux-form-field-error gux-show">
      <gux-icon hydrated="" icon-name="alert-warning-octogon"></gux-icon>
      <div class="gux-message">
        <slot name="error"></slot>
      </div>
    </div>
    <div class="gux-form-field-help">
      <div class="gux-message">
        <slot name="help"></slot>
      </div>
    </div>
  </div>
</fieldset>
`;

exports[`gux-form-field-dropdown #render single select dropdown label-position should render component as expected (4) 1`] = `"<gux-form-field-dropdown label-position=\\"screenreader\\" hydrated=\\"\\"> <gux-dropdown hydrated=\\"\\"> <gux-listbox aria-labelledby=\\"gux-label-i\\" aria-describedby=\\"gux-error-i\\" role=\\"listbox\\" tabindex=\\"0\\" hydrated=\\"\\"> <gux-option value=\\"a\\" disabled=\\"\\" id=\\"gux-option-i\\" role=\\"option\\" class=\\"gux-disabled\\" aria-disabled=\\"true\\" hydrated=\\"\\"><!----><gux-truncate hydrated=\\"\\">Ant</gux-truncate></gux-option> <gux-option value=\\"b\\" id=\\"gux-option-i\\" role=\\"option\\" aria-selected=\\"false\\" aria-disabled=\\"false\\" hydrated=\\"\\"><!----><gux-truncate hydrated=\\"\\">Bat</gux-truncate></gux-option> <gux-option value=\\"c\\" id=\\"gux-option-i\\" role=\\"option\\" aria-selected=\\"false\\" aria-disabled=\\"false\\" hydrated=\\"\\"><!----><gux-truncate hydrated=\\"\\">Cat</gux-truncate></gux-option> </gux-listbox> </gux-dropdown> <label slot=\\"label\\" id=\\"gux-label-i\\">Default</label> <span slot=\\"error\\" id=\\"gux-error-i\\">This is an error message</span> </gux-form-field-dropdown>"`;

exports[`gux-form-field-dropdown #render single select dropdown label-position should render component as expected (4) 2`] = `
<fieldset class="gux-form-field-fieldset-container gux-screenreader">
  <legend class="gux-form-field-legend-label gux-screenreader">
    <slot name="label"></slot>
    <gux-screen-reader-beta hydrated="">
      This is an error message
    </gux-screen-reader-beta>
  </legend>
  <div class="gux-input-and-error-container">
    <div class="gux-input gux-input-error">
      <slot></slot>
    </div>
    <div class="gux-form-field-error gux-show">
      <gux-icon hydrated="" icon-name="alert-warning-octogon"></gux-icon>
      <div class="gux-message">
        <slot name="error"></slot>
      </div>
    </div>
    <div class="gux-form-field-help">
      <div class="gux-message">
        <slot name="help"></slot>
      </div>
    </div>
  </div>
</fieldset>
`;
